Warp 1.15.0 initialized:
   CUDA Toolkit 12.9, Driver 13.0
   Devices:
     "cpu"      : "x86_64"
     "cuda:0"   : "NVIDIA RTX PRO 6000 Blackwell Server Edition" (95 GiB, sm_120, mempool enabled)
     "cuda:1"   : "NVIDIA RTX PRO 6000 Blackwell Server Edition" (95 GiB, sm_120, mempool enabled)
     "cuda:2"   : "NVIDIA RTX PRO 6000 Blackwell Server Edition" (95 GiB, sm_120, mempool enabled)
     "cuda:3"   : "NVIDIA RTX PRO 6000 Blackwell Server Edition" (95 GiB, sm_120, mempool enabled)
     "cuda:4"   : "NVIDIA RTX PRO 6000 Blackwell Server Edition" (95 GiB, sm_120, mempool enabled)
     "cuda:5"   : "NVIDIA RTX PRO 6000 Blackwell Server Edition" (95 GiB, sm_120, mempool enabled)
     "cuda:6"   : "NVIDIA RTX PRO 6000 Blackwell Server Edition" (95 GiB, sm_120, mempool enabled)
     "cuda:7"   : "NVIDIA RTX PRO 6000 Blackwell Server Edition" (95 GiB, sm_120, mempool enabled)
   CUDA peer access:
     Supported fully (all-directional)
   Kernel cache:
     /root/autodl-tmp/zxg/perceptive_cbf_rl/.cache/warp/1.15.0
Module mujoco_warp._src.smooth c4020f1 load on device 'cuda:0' took 3.89 ms  (cached)
Module _nxn_broadphase__locals__kernel_cd21dc9b cd21dc9 load on device 'cuda:0' took 0.62 ms  (cached)
Module ccd_kernel_builder__locals__ccd_kernel_0bec82b5 0bec82b load on device 'cuda:0' took 2.28 ms  (cached)
Module ccd_kernel_builder__locals__ccd_kernel_0bec82b5 00ea61b load on device 'cuda:0' took 2.60 ms  (cached)
Module _primitive_narrowphase__locals__primitive_narrowphase_2f01bcc8 2f01bcc load on device 'cuda:0' took 1.78 ms  (cached)
Module mujoco_warp._src.constraint 36c8060 load on device 'cuda:0' took 0.53 ms  (cached)
Module _friction_dof__locals__kernel_3de76fad 3de76fa load on device 'cuda:0' took 0.54 ms  (cached)
Module _limit_slide_hinge__locals__kernel_b25a8d13 b25a8d1 load on device 'cuda:0' took 0.64 ms  (cached)
Module _efc_contact_init__locals__kernel_6e7f298a 6e7f298 load on device 'cuda:0' took 0.59 ms  (cached)
Module _efc_contact_jac_sparse__locals__kernel_a80bb5e9 a80bb5e load on device 'cuda:0' took 0.56 ms  (cached)
Module _efc_contact_update__locals__kernel_2d2d1a29 2d2d1a2 load on device 'cuda:0' took 0.61 ms  (cached)
Module mujoco_warp._src.forward bfd9fb5 load on device 'cuda:0' took 1.38 ms  (cached)
Module mujoco_warp._src.passive d8c18c6 load on device 'cuda:0' took 1.63 ms  (cached)
Module mujoco_warp._src.sensor de892d8 load on device 'cuda:0' took 2.95 ms  (cached)
Module mujoco_warp._src.forward b068ad6 load on device 'cuda:0' took 1.59 ms  (cached)
Module _qfrc_smooth__locals__kernel_3ac7164a 3ac7164 load on device 'cuda:0' took 0.51 ms  (cached)
Module mujoco_warp._src.support ca784c5 load on device 'cuda:0' took 0.45 ms  (cached)
Module _small_cholesky_factorize_solve_block__locals__kernel_2e80fc98 00039f8 load on device 'cuda:0' took 0.49 ms  (cached)
Module _tile_cholesky_factorize_solve_block__locals__kernel_6a90e1e3 40a293f load on device 'cuda:0' took 43.05 ms  (cached)
Module _solve_init_dof__locals__kernel_293c86d1 293c86d load on device 'cuda:0' took 0.58 ms  (cached)
Module mujoco_warp._src.solver 3a105a0 load on device 'cuda:0' took 2.28 ms  (cached)
Module _solve_init_jaref_kernel__locals__kernel_b8df755c b8df755 load on device 'cuda:0' took 454.01 ms  (compiled)
Module mul_m_kernel__locals___mul_m_4f80c25f 4f80c25 load on device 'cuda:0' took 0.63 ms  (cached)
Module _update_constraint_efc__locals__kernel_7b921a6e 7b921a6 load on device 'cuda:0' took 0.62 ms  (cached)
Module _update_constraint_init_qfrc_constraint_sparse__locals__kernel_65a5704f 65a5704 load on device 'cuda:0' took 0.53 ms  (cached)
Module _update_gradient_zero_grad_dot__locals__kernel_ca4acd13 ca4acd1 load on device 'cuda:0' took 0.51 ms  (cached)
Module _update_gradient_grad__locals__kernel_9e296ebd 9e296eb load on device 'cuda:0' took 0.40 ms  (cached)
Module _update_gradient_init_h_sparse__locals__kernel_864e53b1 864e53b load on device 'cuda:0' took 0.42 ms  (cached)
Module _JTDAJ_sparse__locals__kernel_66cd2906 66cd290 load on device 'cuda:0' took 0.43 ms  (cached)
Module _JTDAJ_sparse__locals__kernel_66cd2906 f4ed9da load on device 'cuda:0' took 0.55 ms  (cached)
Module _update_gradient_cholesky_blocked__locals__kernel_7525ea5c dceba3c load on device 'cuda:0' took 2386.53 ms  (compiled)
Module _linesearch_jv_fused_kernel__locals__kernel_4f1823a8 4f1823a load on device 'cuda:0' took 137.62 ms  (compiled)
Module _linesearch_iterative_kernel__locals__kernel_a612bcb6 3daf78d load on device 'cuda:0' took 0.83 ms  (cached)
Module _update_constraint_efc__locals__kernel_ddea4c95 ddea4c9 load on device 'cuda:0' took 0.70 ms  (cached)
Module _update_gradient_zero_grad_dot__locals__kernel_819fe036 819fe03 load on device 'cuda:0' took 0.62 ms  (cached)
Module _update_gradient_grad__locals__kernel_af49475a af49475 load on device 'cuda:0' took 0.48 ms  (cached)
Module _update_gradient_h_incremental_sparse__locals__kernel_b9225d2d b9225d2 load on device 'cuda:0' took 0.50 ms  (cached)
Module _update_gradient_cholesky_blocked_skip_unchanged__locals__kernel_3610e74f 2025452 load on device 'cuda:0' took 2745.69 ms  (compiled)
Module _contact_sort__locals__contact_sort_f4939e9b 293508e load on device 'cuda:0' took 0.75 ms  (cached)
Module mujoco_warp._src.derivative 833f5d0 load on device 'cuda:0' took 1.20 ms  (cached)
Module _next_time_builder__locals___next_time_8c8bbcbc 8c8bbcb load on device 'cuda:0' took 0.48 ms  (cached)
Module reset_data__locals__reset_xfrc_applied_aec370af aec370a load on device 'cuda:0' took 0.42 ms  (cached)
Module reset_data__locals__reset_M_96396a8d 96396a8 load on device 'cuda:0' took 0.35 ms  (cached)
Module reset_data__locals__reset_mocap_b321694c b321694 load on device 'cuda:0' took 0.47 ms  (cached)
Module reset_data__locals__reset_contact_88cd7446 88cd744 load on device 'cuda:0' took 0.47 ms  (cached)
Module reset_data__locals__reset_sleep_1c5b28e7 1c5b28e load on device 'cuda:0' took 0.46 ms  (cached)
Module reset_data__locals__reset_nworld_1ba8fb6e 1ba8fb6 load on device 'cuda:0' took 0.45 ms  (cached)

+--------------------------------+
|        Base Environment        |
+------------------------+-------+
| Property               | Value |
+------------------------+-------+
| Number of environments | 16    |
| Environment device     | cuda  |
| Environment seed       | None  |
| Physics step-size      | 0.005 |
| Environment step-size  | 0.02  |
+------------------------+-------+

[INFO] <EventManager> contains 4 active terms.
+---------------------------------------+
| Active Event Terms in Mode: 'startup' |
+---------+-----------------------------+
|  Index  | Name                        |
+---------+-----------------------------+
|    0    | init_motion_loader          |
|    1    | foot_friction               |
|    2    | encoder_bias                |
|    3    | base_com                    |
+---------+-----------------------------+
+-------------------------------------+
| Active Event Terms in Mode: 'reset' |
+--------+----------------------------+
| Index  | Name                       |
+--------+----------------------------+
|   0    | reset_from_motion          |
|   1    | reset_dodge_state          |
|   2    | randomize_ball_size        |
|   3    | reset_walk_path            |
|   4    | reset_wall_pose            |
+--------+----------------------------+
+----------------------------------------------+
|    Active Event Terms in Mode: 'interval'    |
+-------+------------+-------------------------+
| Index | Name       | Interval time range (s) |
+-------+------------+-------------------------+
|   0   | push_robot |        (1.0, 3.0)       |
+-------+------------+-------------------------+
+------------------------------------+
| Active Event Terms in Mode: 'step' |
+--------+---------------------------+
| Index  | Name                      |
+--------+---------------------------+
|   0    | throw_ball_on_dwell       |
|   1    | pin_wall                  |
+--------+---------------------------+
+-----------------------------+
| Domain Randomization Fields |
+-------+---------------------+
| Index | Field Name          |
+-------+---------------------+
|   0   | geom_friction       |
|   1   | body_ipos           |
|   2   | body_subtreemass    |
|   3   | dof_invweight0      |
|   4   | body_invweight0     |
|   5   | tendon_length0      |
|   6   | tendon_invweight0   |
|   7   | actuator_acc0       |
|   8   | geom_size           |
|   9   | geom_rbound         |
|   10  | geom_aabb           |
+-------+---------------------+

Module repeat_array_kernel_f3ffbc3f f56645b load on device 'cuda:0' took 0.52 ms  (cached)
Module repeat_array_kernel_f3ffbc3f 43f7a6f load on device 'cuda:0' took 0.49 ms  (cached)
Module repeat_array_kernel_f3ffbc3f a5b1dbd load on device 'cuda:0' took 0.52 ms  (cached)
Module _nxn_broadphase__locals__kernel_004aee7e 004aee7 load on device 'cuda:0' took 0.61 ms  (cached)
[INFO] <CommandManager> contains 1 active terms.
+--------------------------------------+
|         Active Command Terms         |
+-------+-------+----------------------+
| Index | Name  |         Type         |
+-------+-------+----------------------+
|   0   | twist | DodgeGoToGoalCommand |
+-------+-------+----------------------+

[INFO] <ActionManager> contains 1 active terms.
+---------------------------------+
| Active Action Terms (shape: 29) |
+-------+-----------+-------------+
| Index | Name      |   Dimension |
+-------+-----------+-------------+
|   0   | joint_pos |          29 |
+-------+-----------+-------------+

[INFO] <ObservationManager> contains 4 groups.
+------------------------------------------------------------+
| Active Observation Terms in Group: 'actor' (shape: (384,)) |
+--------+------------------------+--------------------------+
| Index  | Name                   |          Shape           |
+--------+------------------------+--------------------------+
|   0    | base_ang_vel           |     (12,)  ← 4×(3,)      |
|   1    | projected_gravity      |     (12,)  ← 4×(3,)      |
|   2    | command                |     (12,)  ← 4×(3,)      |
|   3    | joint_pos              |    (116,)  ← 4×(29,)     |
|   4    | joint_vel              |    (116,)  ← 4×(29,)     |
|   5    | actions                |    (116,)  ← 4×(29,)     |
+--------+------------------------+--------------------------+
+-------------------------------------------------------------+
| Active Observation Terms in Group: 'critic' (shape: (864,)) |
+--------+-------------------------+--------------------------+
| Index  | Name                    |          Shape           |
+--------+-------------------------+--------------------------+
|   0    | base_ang_vel            |     (12,)  ← 4×(3,)      |
|   1    | projected_gravity       |     (12,)  ← 4×(3,)      |
|   2    | command                 |     (12,)  ← 4×(3,)      |
|   3    | joint_pos               |    (116,)  ← 4×(29,)     |
|   4    | joint_vel               |    (116,)  ← 4×(29,)     |
|   5    | actions                 |    (116,)  ← 4×(29,)     |
|   6    | base_lin_vel            |     (12,)  ← 4×(3,)      |
|   7    | body_pos_b              |    (156,)  ← 4×(39,)     |
|   8    | body_ori_b              |    (312,)  ← 4×(78,)     |
+--------+-------------------------+--------------------------+
+----------------------------------------------------------+
| Active Observation Terms in Group: 'amp' (shape: (195,)) |
+---------+----------------------+-------------------------+
|  Index  | Name                 |          Shape          |
+---------+----------------------+-------------------------+
|    0    | body_pos_b           |     (39,)  ← 1×(39,)    |
|    1    | body_ori_b           |     (78,)  ← 1×(78,)    |
|    2    | body_lin_vel_b       |     (39,)  ← 1×(39,)    |
|    3    | body_ang_vel_b       |     (39,)  ← 1×(39,)    |
+---------+----------------------+-------------------------+
+----------------------------------------------------------------+
| Active Observation Terms in Group: 'ball_state' (shape: (24,)) |
+----------------+------------------------------+----------------+
|     Index      | Name                         |     Shape      |
+----------------+------------------------------+----------------+
|       0        | ball_state                   |      (6,)      |
|       1        | wall_state                   |     (18,)      |
+----------------+------------------------------+----------------+

[INFO] <TerminationManager> contains 6 active terms.
+-------------------------------------+
|       Active Termination Terms      |
+-------+------------------+----------+
| Index | Name             | Time Out |
+-------+------------------+----------+
|   0   | time_out         |   True   |
|   1   | bad_orientation  |  False   |
|   2   | bad_base_height  |  False   |
|   3   | collapsed_crouch |  False   |
|   4   | ball_hit         |  False   |
|   5   | wall_hit         |  False   |
+-------+------------------+----------+

[INFO] <RewardManager> contains 18 active terms.
+--------------------------------------------------+
|               Active Reward Terms                |
+-------+-------------------------------+----------+
| Index | Name                          |   Weight |
+-------+-------------------------------+----------+
|   0   | track_anchor_linear_velocity  |      1.0 |
|   1   | track_anchor_angular_velocity |      0.5 |
|   2   | body_ang_vel_xy_l2            |      0.5 |
|   3   | is_terminated                 |   -200.0 |
|   4   | joint_acc_l2                  | -2.5e-07 |
|   5   | joint_pos_limits              |    -10.0 |
|   6   | action_rate_l2                |    -0.01 |
|   7   | foot_slip                     |    -0.25 |
|   8   | self_collisions               |     -0.1 |
|   9   | mimickit_dodge                |      1.0 |
|   10  | dodge_link_cbf                |     0.27 |
|   11  | dodge_sidestep                |      0.0 |
|   12  | walk_path_progress            |      2.0 |
|   13  | walk_path_stillness_when_safe |     -2.0 |
|   14  | walk_path_progress_when_safe  |      1.0 |
|   15  | walk_path_adherence           |      0.5 |
|   16  | wall_link_cbf                 |      0.3 |
|   17  | walk_goal_heading_when_safe   |      1.0 |
+-------+-------------------------------+----------+

[INFO] <CurriculumManager> contains 1 active terms.
+-------------------------+
| Active Curriculum Terms |
+--------+----------------+
| Index  | Name           |
+--------+----------------+
|   0    | goal_radius    |
+--------+----------------+

[INFO] <MetricsManager> contains 2 active terms.
+--------------------------+
|   Active Metrics Terms   |
+-------+------------------+
| Index | Name             |
+-------+------------------+
|   0   | mean_action_acc  |
|   1   | mean_delay_steps |
+-------+------------------+

[INFO] <NullRecorderManager> (inactive)
[MotionResetManager] Loaded 54 clips, 12596 frames from /root/autodl-tmp/zxg/perceptive_cbf_rl/src/assets/motions/g1/amp_dodge_walk
Module mujoco_warp._src.io 466491b load on device 'cuda:0' took 2.35 ms  (cached)
Module _small_cholesky_factorize_block__locals__kernel_e31ae7f6 bed69c6 load on device 'cuda:0' took 0.67 ms  (cached)
Module _tile_cholesky_factorize_block__locals__kernel_19fc5f1b 2df9bf3 load on device 'cuda:0' took 33.88 ms  (cached)
Module _small_cholesky_solve_block__locals__kernel_2df83fc3 186adb8 load on device 'cuda:0' took 0.69 ms  (cached)
Module _tile_cholesky_solve_block__locals__kernel_c8336212 4cdd7dc load on device 'cuda:0' took 28.75 ms  (cached)
PASS: random position/yaw, fixed furniture, partial reset, GPU steps
